src/actions/ai.ts(271,44): error TS2362: The left-hand side of an arithmetic operation must be of type 'any', 'number', 'bigint' or an enum type.
src/actions/assets.ts(35,13): error TS2322: Type '{ companyName: string; assetType: string; name: string; description: string | undefined; serialNumber: string | undefined; purchaseValue: number; currentValue: number; purchaseDate: Date; depreciationRate: number; location: string | undefined; assignedTo: string | undefined; }' is not assignable to type 'Exact<(Without<AssetCreateInput, AssetUncheckedCreateInput> & AssetUncheckedCreateInput) | (Without<...> & AssetCreateInput), (Without<...> & AssetUncheckedCreateInput) | (Without<...> & AssetCreateInput)>'.
  Property 'company' is missing in type '{ companyName: string; assetType: string; name: string; description: string | undefined; serialNumber: string | undefined; purchaseValue: number; currentValue: number; purchaseDate: Date; depreciationRate: number; location: string | undefined; assignedTo: string | undefined; }' but required in type '{ companyId?: undefined; id?: Exact<string | undefined, string | undefined>; companyName: string; assetType: string; name: string; description?: Exact<string | null | undefined, string | ... 1 more ... | undefined>; ... 11 more ...; company: { ...; }; }'.
src/actions/assets.ts(117,13): error TS2362: The left-hand side of an arithmetic operation must be of type 'any', 'number', 'bigint' or an enum type.
src/actions/assets.ts(117,48): error TS2362: The left-hand side of an arithmetic operation must be of type 'any', 'number', 'bigint' or an enum type.
src/actions/communication.ts(171,55): error TS2345: Argument of type '{ customer: { id: string; companyId: string; companyName: string; deletedAt: Date | null; createdAt: Date; updatedAt: Date; name: string; address: string; state: string; ... 8 more ...; lastInvoiceNo: string | null; } | null; items: { ...; }[]; } & { ...; }' is not assignable to parameter of type '{ companyName: string; invoiceNo: string; date: Date; paymentMode: string; status: string; items: { productId: string; description: string; hsn: string | null; quantity: number; price: number; costPrice: number; gstRate: number; }[]; } & { ...; }'.
  Type '{ customer: { id: string; companyId: string; companyName: string; deletedAt: Date | null; createdAt: Date; updatedAt: Date; name: string; address: string; state: string; ... 8 more ...; lastInvoiceNo: string | null; } | null; items: { ...; }[]; } & { ...; }' is not assignable to type '{ companyName: string; invoiceNo: string; date: Date; paymentMode: string; status: string; items: { productId: string; description: string; hsn: string | null; quantity: number; price: number; costPrice: number; gstRate: number; }[]; }'.
    Types of property 'items' are incompatible.
      Type '{ id: string; invoiceId: string; productId: string; description: string; quantity: number; price: Decimal; costPrice: Decimal; hsn: string | null; gstRate: Decimal; }[]' is not assignable to type '{ productId: string; description: string; hsn: string | null; quantity: number; price: number; costPrice: number; gstRate: number; }[]'.
        Type '{ id: string; invoiceId: string; productId: string; description: string; quantity: number; price: Decimal; costPrice: Decimal; hsn: string | null; gstRate: Decimal; }' is not assignable to type '{ productId: string; description: string; hsn: string | null; quantity: number; price: number; costPrice: number; gstRate: number; }'.
          Types of property 'price' are incompatible.
            Type 'Decimal' is not assignable to type 'number'.
src/actions/communication.ts(172,69): error TS2322: Type 'Decimal' is not assignable to type 'number'.
src/actions/communication.ts(183,56): error TS2554: Expected 0 arguments, but got 2.
src/actions/credit.ts(185,18): error TS2362: The left-hand side of an arithmetic operation must be of type 'any', 'number', 'bigint' or an enum type.
src/actions/credit.ts(185,36): error TS2363: The right-hand side of an arithmetic operation must be of type 'any', 'number', 'bigint' or an enum type.
src/actions/credit.ts(200,7): error TS2322: Type 'number | Decimal' is not assignable to type 'number'.
  Type 'Decimal' is not assignable to type 'number'.
src/actions/credit.ts(201,32): error TS2362: The left-hand side of an arithmetic operation must be of type 'any', 'number', 'bigint' or an enum type.
src/actions/credit.ts(206,7): error TS2322: Type '{ id: string; invoiceNo: string; totalAmount: Decimal; paidAmount: Decimal; balance: number; date: Date; dueDate: Date | null; daysPastDue: number; }[]' is not assignable to type '{ id: string; invoiceNo: string; totalAmount: number; paidAmount: number; balance: number; date: Date; dueDate?: Date | null | undefined; daysPastDue: number; }[]'.
  Type '{ id: string; invoiceNo: string; totalAmount: Decimal; paidAmount: Decimal; balance: number; date: Date; dueDate: Date | null; daysPastDue: number; }' is not assignable to type '{ id: string; invoiceNo: string; totalAmount: number; paidAmount: number; balance: number; date: Date; dueDate?: Date | null | undefined; daysPastDue: number; }'.
    Types of property 'totalAmount' are incompatible.
      Type 'Decimal' is not assignable to type 'number'.
src/actions/credit.ts(241,9): error TS2322: Type '{ companyName: string; paymentNo: string; customerId: string; invoiceId: string | undefined; amount: number; mode: "CASH" | "UPI" | "CHEQUE" | "BANK_TRANSFER" | "NEFT" | "RTGS"; reference: string | undefined; ... 5 more ...; status: string; }' is not assignable to type 'Exact<(Without<PaymentCreateInput, PaymentUncheckedCreateInput> & PaymentUncheckedCreateInput) | (Without<...> & PaymentCreateInput), (Without<...> & PaymentUncheckedCreateInput) | (Without<...> & PaymentCreateInput)>'.
  Type '{ companyName: string; paymentNo: string; customerId: string; invoiceId: string | undefined; amount: number; mode: "CASH" | "UPI" | "CHEQUE" | "BANK_TRANSFER" | "NEFT" | "RTGS"; reference: string | undefined; ... 5 more ...; status: string; }' is not assignable to type '(Without<PaymentCreateInput, PaymentUncheckedCreateInput> & PaymentUncheckedCreateInput) | { ...; }'.
    Property 'companyId' is missing in type '{ companyName: string; paymentNo: string; customerId: string; invoiceId: string | undefined; amount: number; mode: "CASH" | "UPI" | "CHEQUE" | "BANK_TRANSFER" | "NEFT" | "RTGS"; reference: string | undefined; ... 5 more ...; status: string; }' but required in type '{ company?: undefined; invoice?: undefined; customer?: undefined; id?: Exact<string | undefined, string | undefined>; companyId: string; companyName: string; paymentNo: string; customerId: string; ... 12 more ...; updatedAt?: Exact<...>; }'.
src/actions/credit.ts(264,33): error TS2365: Operator '+' cannot be applied to types 'Decimal' and 'number'.
src/actions/credit.ts(439,23): error TS2362: The left-hand side of an arithmetic operation must be of type 'any', 'number', 'bigint' or an enum type.
src/actions/credit.ts(439,45): error TS2363: The right-hand side of an arithmetic operation must be of type 'any', 'number', 'bigint' or an enum type.
src/actions/credit.ts(512,18): error TS2362: The left-hand side of an arithmetic operation must be of type 'any', 'number', 'bigint' or an enum type.
src/actions/credit.ts(512,36): error TS2363: The right-hand side of an arithmetic operation must be of type 'any', 'number', 'bigint' or an enum type.
src/actions/credit.ts(610,28): error TS2362: The left-hand side of an arithmetic operation must be of type 'any', 'number', 'bigint' or an enum type.
src/actions/credit.ts(610,46): error TS2363: The right-hand side of an arithmetic operation must be of type 'any', 'number', 'bigint' or an enum type.
src/actions/credit.ts(624,21): error TS2365: Operator '+' cannot be applied to types 'number' and 'Decimal'.
src/actions/credit.ts(635,26): error TS2362: The left-hand side of an arithmetic operation must be of type 'any', 'number', 'bigint' or an enum type.
src/actions/credit.ts(635,44): error TS2363: The right-hand side of an arithmetic operation must be of type 'any', 'number', 'bigint' or an enum type.
src/actions/customer.ts(82,17): error TS2322: Type '{ lat: number | undefined; lng: number | undefined; gstin: string | undefined; companyName: string; phone: string | undefined; email: string | undefined; name: string; address: string; state: string; id?: string; lastInvoiceNo?: string; }' is not assignable to type 'Exact<(Without<CustomerCreateInput, CustomerUncheckedCreateInput> & CustomerUncheckedCreateInput) | (Without<...> & CustomerCreateInput), (Without<...> & CustomerUncheckedCreateInput) | (Without<...> & CustomerCreateInput)>'.
  Property 'company' is missing in type '{ lat: number | undefined; lng: number | undefined; gstin: string | undefined; companyName: string; phone: string | undefined; email: string | undefined; name: string; address: string; state: string; id?: string; lastInvoiceNo?: string; }' but required in type '{ companyId?: undefined; id?: Exact<string | undefined, string | undefined>; companyName?: Exact<string | undefined, string | undefined>; name: string; address: string; ... 23 more ...; vanSales?: Exact<...>; }'.
src/actions/customer.ts(242,17): error TS2322: Type 'Decimal' is not assignable to type 'number'.
src/actions/customer.ts(256,17): error TS2322: Type 'Decimal' is not assignable to type 'number'.
src/actions/customer.ts(279,31): error TS2365: Operator '+' cannot be applied to types 'number' and 'Decimal'.
src/actions/customer.ts(280,65): error TS2365: Operator '+' cannot be applied to types 'number' and 'Decimal'.
src/actions/employee.ts(50,13): error TS2322: Type '{ name: string; employeeId: string; role: string; phone: string; email: string | undefined; aadhaar: string | undefined; pan: string | undefined; baseSalary: number; companyName: string; status: string; }' is not assignable to type 'Exact<(Without<EmployeeCreateInput, EmployeeUncheckedCreateInput> & EmployeeUncheckedCreateInput) | (Without<...> & EmployeeCreateInput), (Without<...> & EmployeeUncheckedCreateInput) | (Without<...> & EmployeeCreateInput)>'.
  Property 'company' is missing in type '{ name: string; employeeId: string; role: string; phone: string; email: string | undefined; aadhaar: string | undefined; pan: string | undefined; baseSalary: number; companyName: string; status: string; }' but required in type '{ companyId?: undefined; id?: Exact<string | undefined, string | undefined>; companyName: string; employeeId: string; name: string; role: string; email?: Exact<string | null | undefined, string | ... 1 more ... | undefined>; ... 19 more ...; user?: Exact<...>; }'.
src/actions/employee.ts(182,58): error TS2365: Operator '+' cannot be applied to types 'number' and 'Decimal'.
src/actions/godown.ts(34,13): error TS2322: Type '{ name: string; location: string | null; manager: string | null; contact: string | null; }' is not assignable to type 'Exact<(Without<GodownCreateInput, GodownUncheckedCreateInput> & GodownUncheckedCreateInput) | (Without<...> & GodownCreateInput), (Without<...> & GodownUncheckedCreateInput) | (Without<...> & GodownCreateInput)>'.
  Property 'company' is missing in type '{ name: string; location: string | null; manager: string | null; contact: string | null; }' but required in type '{ companyId?: undefined; id?: Exact<string | undefined, string | undefined>; companyName?: Exact<string | null | undefined, string | null | undefined>; name: string; ... 6 more ...; stocks?: Exact<...>; }'.
src/actions/godown.ts(236,93): error TS2363: The right-hand side of an arithmetic operation must be of type 'any', 'number', 'bigint' or an enum type.
src/actions/orders.ts(259,7): error TS2322: Type '{ orderNo: string; companyName: string; customerId: string; employeeId: string; status: string; subtotal: number; discountAmount: number; schemeDiscount: number; taxAmount: number; totalAmount: number; deliveryNotes: string | undefined; items: { ...; }; }' is not assignable to type 'Exact<(Without<OrderCreateInput, OrderUncheckedCreateInput> & OrderUncheckedCreateInput) | (Without<...> & OrderCreateInput), (Without<...> & OrderUncheckedCreateInput) | (Without<...> & OrderCreateInput)>'.
  Type '{ orderNo: string; companyName: string; customerId: string; employeeId: string; status: string; subtotal: number; discountAmount: number; schemeDiscount: number; taxAmount: number; totalAmount: number; deliveryNotes: string | undefined; items: { ...; }; }' is not assignable to type '(Without<OrderCreateInput, OrderUncheckedCreateInput> & OrderUncheckedCreateInput) | { ...; }'.
    Property 'companyId' is missing in type '{ orderNo: string; companyName: string; customerId: string; employeeId: string; status: string; subtotal: number; discountAmount: number; schemeDiscount: number; taxAmount: number; totalAmount: number; deliveryNotes: string | undefined; items: { ...; }; }' but required in type '{ company?: undefined; invoice?: undefined; employee?: undefined; customer?: undefined; id?: Exact<string | undefined, string | undefined>; orderNo: string; companyId: string; companyName: string; ... 22 more ...; visits?: Exact<...>; }'.
src/actions/orders.ts(417,7): error TS2322: Type '{ invoiceNo: string; companyName: string; customerId: string; customerName: string; paymentMode: string; billingAddress: string; customerDetails: string; date: Date; dueDate: Date; totalAmount: Decimal; paidAmount: number; status: string; items: { ...; }; }' is not assignable to type 'Exact<(Without<InvoiceCreateInput, InvoiceUncheckedCreateInput> & InvoiceUncheckedCreateInput) | (Without<...> & InvoiceCreateInput), (Without<...> & InvoiceUncheckedCreateInput) | (Without<...> & InvoiceCreateInput)>'.
  Type '{ invoiceNo: string; companyName: string; customerId: string; customerName: string; paymentMode: string; billingAddress: string; customerDetails: string; date: Date; dueDate: Date; totalAmount: Decimal; paidAmount: number; status: string; items: { ...; }; }' is not assignable to type '(Without<InvoiceCreateInput, InvoiceUncheckedCreateInput> & InvoiceUncheckedCreateInput) | { ...; }'.
    Property 'companyId' is missing in type '{ invoiceNo: string; companyName: string; customerId: string; customerName: string; paymentMode: string; billingAddress: string; customerDetails: string; date: Date; dueDate: Date; totalAmount: Decimal; paidAmount: number; status: string; items: { ...; }; }' but required in type '{ company?: undefined; employee?: undefined; customer?: undefined; id?: Exact<string | undefined, string | undefined>; invoiceNo: string; companyId: string; companyName: string; customerName: string; ... 18 more ...; ordersFulfilled?: Exact<...>; }'.
src/actions/payroll.ts(47,34): error TS2362: The left-hand side of an arithmetic operation must be of type 'any', 'number', 'bigint' or an enum type.
src/actions/payroll.ts(71,59): error TS2365: Operator '+' cannot be applied to types 'number' and 'Decimal'.
src/actions/photos.ts(34,17): error TS2322: Type 'string | null' is not assignable to type 'string | number | boolean | InputJsonObject | InputJsonArray | { toJSON(): unknown; } | JsonNull | DbNull | { readonly [x: string]: Exact<InputJsonValue | null | undefined, InputJsonValue | ... 1 more ... | undefined>; } | ... 4 more ... | undefined'.
  Type 'null' is not assignable to type 'string | number | boolean | InputJsonObject | InputJsonArray | { toJSON(): unknown; } | JsonNull | DbNull | { readonly [x: string]: Exact<InputJsonValue | null | undefined, InputJsonValue | ... 1 more ... | undefined>; } | ... 4 more ... | undefined'.
src/actions/reminder.ts(95,11): error TS2322: Type '{ id: string; invoiceNo: string; date: Date; totalAmount: Decimal; paidAmount: Decimal; balance: number; dueDate: Date; daysPastDue: number; isOverdue: boolean; customerName: string; customerId: string; customerPhone: string | null; items: { ...; }[]; }[]' is not assignable to type 'InvoiceForReminder[]'.
  Type '{ id: string; invoiceNo: string; date: Date; totalAmount: Decimal; paidAmount: Decimal; balance: number; dueDate: Date; daysPastDue: number; isOverdue: boolean; customerName: string; customerId: string; customerPhone: string | null; items: { ...; }[]; }' is not assignable to type 'InvoiceForReminder'.
    Types of property 'totalAmount' are incompatible.
      Type 'Decimal' is not assignable to type 'number'.
src/actions/reminder.ts(101,25): error TS2362: The left-hand side of an arithmetic operation must be of type 'any', 'number', 'bigint' or an enum type.
src/actions/reminder.ts(101,43): error TS2363: The right-hand side of an arithmetic operation must be of type 'any', 'number', 'bigint' or an enum type.
src/actions/reminder.ts(171,7): error TS2322: Type 'Decimal' is not assignable to type 'number'.
src/actions/reminder.ts(172,7): error TS2322: Type 'Decimal' is not assignable to type 'number'.
src/actions/reminder.ts(173,16): error TS2362: The left-hand side of an arithmetic operation must be of type 'any', 'number', 'bigint' or an enum type.
src/actions/reminder.ts(173,38): error TS2363: The right-hand side of an arithmetic operation must be of type 'any', 'number', 'bigint' or an enum type.
src/actions/reminder.ts(180,7): error TS2322: Type '{ description: string; quantity: number; price: Decimal; }[]' is not assignable to type '{ description: string; quantity: number; price: number; }[]'.
  Type '{ description: string; quantity: number; price: Decimal; }' is not assignable to type '{ description: string; quantity: number; price: number; }'.
    Types of property 'price' are incompatible.
      Type 'Decimal' is not assignable to type 'number'.
src/actions/reminder.ts(401,7): error TS2322: Type '{ companyName: string; customerId: string; invoiceId: string | undefined; dueAmount: number; dueDate: Date; daysPastDue: number; messageText: string; channel: "WHATSAPP" | "SMS" | "EMAIL"; phoneNumber: string | undefined; reminderType: "FINAL" | ... 2 more ... | "FIRST"; sentAt: Date; status: string; }' is not assignable to type 'Exact<(Without<PaymentReminderCreateInput, PaymentReminderUncheckedCreateInput> & PaymentReminderUncheckedCreateInput) | (Without<...> & PaymentReminderCreateInput), (Without<...> & PaymentReminderUncheckedCreateInput) | (Without<...> & PaymentReminderCreateInput)>'.
  Type '{ companyName: string; customerId: string; invoiceId: string | undefined; dueAmount: number; dueDate: Date; daysPastDue: number; messageText: string; channel: "WHATSAPP" | "SMS" | "EMAIL"; phoneNumber: string | undefined; reminderType: "FINAL" | ... 2 more ... | "FIRST"; sentAt: Date; status: string; }' is not assignable to type '(Without<PaymentReminderCreateInput, PaymentReminderUncheckedCreateInput> & PaymentReminderUncheckedCreateInput) | { ...; }'.
    Property 'companyId' is missing in type '{ companyName: string; customerId: string; invoiceId: string | undefined; dueAmount: number; dueDate: Date; daysPastDue: number; messageText: string; channel: "WHATSAPP" | "SMS" | "EMAIL"; phoneNumber: string | undefined; reminderType: "FINAL" | ... 2 more ... | "FIRST"; sentAt: Date; status: string; }' but required in type '{ company?: undefined; invoice?: undefined; customer?: undefined; id?: Exact<string | undefined, string | undefined>; companyId: string; companyName: string; customerId: string; invoiceId?: Exact<...>; ... 12 more ...; updatedAt?: Exact<...>; }'.
src/actions/reminder.ts(471,7): error TS2322: Type '{ id: string; description: string; hsn: string; quantity: number; unit: string; mrp: Decimal; price: Decimal; gstRate: Decimal; }[]' is not assignable to type 'InvoiceItem[]'.
  Type '{ id: string; description: string; hsn: string; quantity: number; unit: string; mrp: Decimal; price: Decimal; gstRate: Decimal; }' is not assignable to type 'InvoiceItem'.
    Types of property 'mrp' are incompatible.
      Type 'Decimal' is not assignable to type 'number'.
src/actions/reminder.ts(511,18): error TS2362: The left-hand side of an arithmetic operation must be of type 'any', 'number', 'bigint' or an enum type.
src/actions/reminder.ts(511,40): error TS2363: The right-hand side of an arithmetic operation must be of type 'any', 'number', 'bigint' or an enum type.
src/actions/reminder.ts(577,7): error TS2322: Type '{ id: string; description: string; hsn: string; quantity: number; unit: string; mrp: Decimal; price: Decimal; gstRate: Decimal; }[]' is not assignable to type 'InvoiceItem[]'.
  Type '{ id: string; description: string; hsn: string; quantity: number; unit: string; mrp: Decimal; price: Decimal; gstRate: Decimal; }' is not assignable to type 'InvoiceItem'.
    Types of property 'mrp' are incompatible.
      Type 'Decimal' is not assignable to type 'number'.
src/actions/reminder.ts(605,18): error TS2362: The left-hand side of an arithmetic operation must be of type 'any', 'number', 'bigint' or an enum type.
src/actions/reminder.ts(605,40): error TS2363: The right-hand side of an arithmetic operation must be of type 'any', 'number', 'bigint' or an enum type.
src/actions/reminder.ts(718,7): error TS2322: Type '{ companyName: string; name: string; type: "FINAL_NOTICE" | "SECOND_REMINDER" | "FIRST_REMINDER" | "PAYMENT_DUE"; messageTemplate: string; triggerDays: number; isActive: true; }' is not assignable to type 'Exact<(Without<ReminderTemplateCreateInput, ReminderTemplateUncheckedCreateInput> & ReminderTemplateUncheckedCreateInput) | (Without<...> & ReminderTemplateCreateInput), (Without<...> & ReminderTemplateUncheckedCreateInput) | (Without<...> & ReminderTemplateCreateInput)>'.
  Property 'company' is missing in type '{ companyName: string; name: string; type: "FINAL_NOTICE" | "SECOND_REMINDER" | "FIRST_REMINDER" | "PAYMENT_DUE"; messageTemplate: string; triggerDays: number; isActive: true; }' but required in type '{ companyId?: undefined; id?: Exact<string | undefined, string | undefined>; companyName: string; name: string; type: string; messageTemplate: string; triggerDays?: Exact<number | undefined, number | undefined>; isActive?: Exact<...>; createdAt?: Exact<...>; updatedAt?: Exact<...>; company: { ...; }; }'.
src/actions/report.ts(64,21): error TS2322: Type 'Decimal' is not assignable to type 'number'.
src/actions/report.ts(69,35): error TS2362: The left-hand side of an arithmetic operation must be of type 'any', 'number', 'bigint' or an enum type.
src/actions/report.ts(75,35): error TS2362: The left-hand side of an arithmetic operation must be of type 'any', 'number', 'bigint' or an enum type.
src/actions/report.ts(123,60): error TS2365: Operator '+' cannot be applied to types 'number' and 'Decimal'.
src/actions/reports.ts(59,42): error TS2362: The left-hand side of an arithmetic operation must be of type 'any', 'number', 'bigint' or an enum type.
src/actions/reports.ts(60,37): error TS2363: The right-hand side of an arithmetic operation must be of type 'any', 'number', 'bigint' or an enum type.
src/actions/reports.ts(64,76): error TS2345: Argument of type 'Decimal' is not assignable to parameter of type 'number'.
src/actions/reports.ts(69,64): error TS2365: Operator '+' cannot be applied to types 'number' and 'Decimal'.
src/actions/reports.ts(124,48): error TS2362: The left-hand side of an arithmetic operation must be of type 'any', 'number', 'bigint' or an enum type.
src/actions/reports.ts(125,43): error TS2363: The right-hand side of an arithmetic operation must be of type 'any', 'number', 'bigint' or an enum type.
src/actions/reports.ts(125,60): error TS2362: The left-hand side of an arithmetic operation must be of type 'any', 'number', 'bigint' or an enum type.
src/actions/schemes.ts(91,69): error TS2365: Operator '+' cannot be applied to types 'number' and 'Decimal'.
src/actions/schemes.ts(93,19): error TS2365: Operator '>' cannot be applied to types 'Decimal' and 'number'.
src/actions/schemes.ts(93,61): error TS2363: The right-hand side of an arithmetic operation must be of type 'any', 'number', 'bigint' or an enum type.
src/actions/schemes.ts(161,9): error TS2322: Type 'string | null' is not assignable to type 'string | number | boolean | InputJsonObject | InputJsonArray | { toJSON(): unknown; } | JsonNull | DbNull | { readonly [x: string]: Exact<InputJsonValue | null | undefined, InputJsonValue | ... 1 more ... | undefined>; } | ... 4 more ... | undefined'.
  Type 'null' is not assignable to type 'string | number | boolean | InputJsonObject | InputJsonArray | { toJSON(): unknown; } | JsonNull | DbNull | { readonly [x: string]: Exact<InputJsonValue | null | undefined, InputJsonValue | ... 1 more ... | undefined>; } | ... 4 more ... | undefined'.
src/actions/schemes.ts(162,9): error TS2322: Type 'string | null' is not assignable to type 'string | number | boolean | InputJsonObject | InputJsonArray | { toJSON(): unknown; } | JsonNull | DbNull | { readonly [x: string]: Exact<InputJsonValue | null | undefined, InputJsonValue | ... 1 more ... | undefined>; } | ... 4 more ... | undefined'.
  Type 'null' is not assignable to type 'string | number | boolean | InputJsonObject | InputJsonArray | { toJSON(): unknown; } | JsonNull | DbNull | { readonly [x: string]: Exact<InputJsonValue | null | undefined, InputJsonValue | ... 1 more ... | undefined>; } | ... 4 more ... | undefined'.
src/actions/schemes.ts(163,9): error TS2322: Type 'string | null' is not assignable to type 'string | number | boolean | InputJsonObject | InputJsonArray | { toJSON(): unknown; } | JsonNull | DbNull | { readonly [x: string]: Exact<InputJsonValue | null | undefined, InputJsonValue | ... 1 more ... | undefined>; } | ... 4 more ... | undefined'.
  Type 'null' is not assignable to type 'string | number | boolean | InputJsonObject | InputJsonArray | { toJSON(): unknown; } | JsonNull | DbNull | { readonly [x: string]: Exact<InputJsonValue | null | undefined, InputJsonValue | ... 1 more ... | undefined>; } | ... 4 more ... | undefined'.
src/actions/schemes.ts(318,34): error TS2345: Argument of type 'string | number | true | JsonObject | JsonArray' is not assignable to parameter of type 'string'.
  Type 'number' is not assignable to type 'string'.
src/actions/schemes.ts(326,31): error TS2365: Operator '<' cannot be applied to types 'number' and 'Decimal'.
src/actions/schemes.ts(338,38): error TS2363: The right-hand side of an arithmetic operation must be of type 'any', 'number', 'bigint' or an enum type.
src/actions/schemes.ts(342,13): error TS2322: Type '0 | Decimal' is not assignable to type 'number'.
  Type 'Decimal' is not assignable to type 'number'.
src/actions/schemes.ts(347,40): error TS2363: The right-hand side of an arithmetic operation must be of type 'any', 'number', 'bigint' or an enum type.
src/actions/tax.ts(62,48): error TS2363: The right-hand side of an arithmetic operation must be of type 'any', 'number', 'bigint' or an enum type.
src/actions/tax.ts(66,49): error TS2363: The right-hand side of an arithmetic operation must be of type 'any', 'number', 'bigint' or an enum type.
src/actions/tax.ts(110,13): error TS2365: Operator '+=' cannot be applied to types 'number' and 'Decimal'.
src/actions/trip.ts(112,48): error TS2345: Argument of type 'string | number | true | JsonObject | JsonArray' is not assignable to parameter of type 'string'.
  Type 'number' is not assignable to type 'string'.
src/actions/trip.ts(164,13): error TS2322: Type '{ driverName: string; vehicleNo: string; vehicleId: string | undefined; status: string; stops: { create: { customerName: any; address: any; items: string; status: string; lat: any; lng: any; }[]; }; }' is not assignable to type 'Exact<(Without<TripCreateInput, TripUncheckedCreateInput> & TripUncheckedCreateInput) | (Without<...> & TripCreateInput), (Without<...> & TripUncheckedCreateInput) | (Without<...> & TripCreateInput)>'.
  Property 'company' is missing in type '{ driverName: string; vehicleNo: string; vehicleId: string | undefined; status: string; stops: { create: { customerName: any; address: any; items: string; status: string; lat: any; lng: any; }[]; }; }' but required in type '{ companyId?: undefined; vehicleId?: undefined; id?: Exact<string | undefined, string | undefined>; companyName?: Exact<string | undefined, string | undefined>; ... 17 more ...; stops?: Exact<...>; }'.
src/actions/vehicle.ts(16,13): error TS2322: Type '{ regNo: string; model: string; type: string; fuelType: string; status: string; details: string | undefined; }' is not assignable to type 'Exact<(Without<VehicleCreateInput, VehicleUncheckedCreateInput> & VehicleUncheckedCreateInput) | (Without<...> & VehicleCreateInput), (Without<...> & VehicleUncheckedCreateInput) | (Without<...> & VehicleCreateInput)>'.
  Property 'company' is missing in type '{ regNo: string; model: string; type: string; fuelType: string; status: string; details: string | undefined; }' but required in type '{ companyId?: undefined; id?: Exact<string | undefined, string | undefined>; regNo: string; model: string; type: string; status?: Exact<string | undefined, string | undefined>; ... 8 more ...; vanLoads?: Exact<...>; }'.
src/app/dashboard/assets/page.tsx(78,42): error TS2345: Argument of type 'never[] | { id: string; companyId: string; companyName: string; status: string; createdAt: Date; updatedAt: Date; name: string; description: string | null; location: string | null; ... 7 more ...; maintenanceNotes: string | null; }[]' is not assignable to parameter of type 'SetStateAction<Asset[]>'.
  Type '{ id: string; companyId: string; companyName: string; status: string; createdAt: Date; updatedAt: Date; name: string; description: string | null; location: string | null; assetType: string; ... 6 more ...; maintenanceNotes: string | null; }[]' is not assignable to type 'SetStateAction<Asset[]>'.
    Type '{ id: string; companyId: string; companyName: string; status: string; createdAt: Date; updatedAt: Date; name: string; description: string | null; location: string | null; assetType: string; ... 6 more ...; maintenanceNotes: string | null; }[]' is not assignable to type 'Asset[]'.
      Type '{ id: string; companyId: string; companyName: string; status: string; createdAt: Date; updatedAt: Date; name: string; description: string | null; location: string | null; assetType: string; ... 6 more ...; maintenanceNotes: string | null; }' is not assignable to type 'Asset'.
        Types of property 'purchaseValue' are incompatible.
          Type 'Decimal' is not assignable to type 'number'.
src/app/dashboard/orders/page.tsx(100,40): error TS2345: Argument of type '({ employee: { id: string; name: string; }; customer: { id: string; name: string; address: string; phone: string | null; }; items: ({ product: { id: string; name: string; sku: string; }; } & { id: string; productId: string; ... 5 more ...; total: Decimal; })[]; appliedSchemes: ({ ...; } & { ...; })[]; } & { ...; })[]' is not assignable to parameter of type 'SetStateAction<OrderWithDetails[]>'.
  Type '({ employee: { id: string; name: string; }; customer: { id: string; name: string; address: string; phone: string | null; }; items: ({ product: { id: string; name: string; sku: string; }; } & { id: string; productId: string; ... 5 more ...; total: Decimal; })[]; appliedSchemes: ({ ...; } & { ...; })[]; } & { ...; })[]' is not assignable to type 'OrderWithDetails[]'.
    Type '{ employee: { id: string; name: string; }; customer: { id: string; name: string; address: string; phone: string | null; }; items: ({ product: { id: string; name: string; sku: string; }; } & { id: string; productId: string; ... 5 more ...; total: Decimal; })[]; appliedSchemes: ({ ...; } & { ...; })[]; } & { ...; }' is not assignable to type 'OrderWithDetails'.
      Types of property 'subtotal' are incompatible.
        Type 'Decimal' is not assignable to type 'number'.
src/app/dashboard/orders/page.tsx(101,64): error TS2345: Argument of type '{ totalOrders: number; pendingApproval: number; approved: number; delivered: number; monthlyValue: number | Decimal; }' is not assignable to parameter of type 'SetStateAction<{ totalOrders: number; pendingApproval: number; approved: number; delivered: number; monthlyValue: number; }>'.
  Type '{ totalOrders: number; pendingApproval: number; approved: number; delivered: number; monthlyValue: number | Decimal; }' is not assignable to type '{ totalOrders: number; pendingApproval: number; approved: number; delivered: number; monthlyValue: number; }'.
    Types of property 'monthlyValue' are incompatible.
      Type 'number | Decimal' is not assignable to type 'number'.
        Type 'Decimal' is not assignable to type 'number'.
src/app/dashboard/schemes/page.tsx(90,64): error TS2345: Argument of type '{ totalSchemes: number; activeSchemes: number; totalDiscountGiven: number | Decimal; topScheme: string; topSchemeUsage: number; }' is not assignable to parameter of type 'SetStateAction<{ totalSchemes: number; activeSchemes: number; totalDiscountGiven: number; topScheme: string; topSchemeUsage: number; }>'.
  Type '{ totalSchemes: number; activeSchemes: number; totalDiscountGiven: number | Decimal; topScheme: string; topSchemeUsage: number; }' is not assignable to type '{ totalSchemes: number; activeSchemes: number; totalDiscountGiven: number; topScheme: string; topSchemeUsage: number; }'.
    Types of property 'totalDiscountGiven' are incompatible.
      Type 'number | Decimal' is not assignable to type 'number'.
        Type 'Decimal' is not assignable to type 'number'.
src/app/dashboard/settings/eway/page.tsx(112,9): error TS2322: Type 'Date | null' is not assignable to type 'string | null | undefined'.
  Type 'Date' is not assignable to type 'string'.
src/lib/default-godown.ts(14,9): error TS2322: Type '{ name: string; location: string; }' is not assignable to type 'Exact<(Without<GodownCreateInput, GodownUncheckedCreateInput> & GodownUncheckedCreateInput) | (Without<...> & GodownCreateInput), (Without<...> & GodownUncheckedCreateInput) | (Without<...> & GodownCreateInput)>'.
  Property 'company' is missing in type '{ name: string; location: string; }' but required in type '{ companyId?: undefined; id?: Exact<string | undefined, string | undefined>; companyName?: Exact<string | null | undefined, string | null | undefined>; name: string; ... 6 more ...; stocks?: Exact<...>; }'.
